**********************
Windows PowerShell transcript start
Start time: 20260914123941
Username: DESKTOP-KQ1EFF6\theki
RunAs User: DESKTOP-KQ1EFF6\theki
Configuration Name: 
Machine: DESKTOP-KQ1EFF6 (Microsoft Windows NT 10.0.22631.0)
Host Application: C:\WINDOWS\System32\WindowsPowerShell\v1.0\powershell.exe -noexit -command try { . "c:\Users\theki\AppData\Local\Programs\Microsoft VS Code\645f29cc31\resources\app\out\vs\workbench\contrib\terminal\common\scripts\shellIntegration.ps1" } catch {}
Process ID: 8844
PSVersion: 5.1.22621.6133
PSEdition: Desktop
PSCompatibleVersions: 1.0, 2.0, 3.0, 4.0, 5.0, 5.1.22621.6133
BuildVersion: 10.0.22621.6133
CLRVersion: 4.0.30319.42000
WSManStackVersion: 3.0
PSRemotingProtocolVersion: 2.3
SerializationVersion: 1.1.0.1
**********************
      ── accountant [500] ─────────────────────────────────────
         PASS  AccountantMessages: failure logged ([AccountantMessages])
      ── prefill [500] ────────────────────────────────────────
         PASS  failed prefill flags state unknown
         PASS  recurring toggle at unchecked default (the hazard)
         PASS  PUT sent for the transaction
         PASS  PUT body OMITS recurring_profile_id (not null)
         PASS  DB recurring_profile_id UNCHANGED (1, not null)
      ── prefill [network] ────────────────────────────────────
**********************
Windows PowerShell transcript end
End time: 20260914133656
**********************
